// Jest Snapshot v1, https://goo.gl/fbAQLP

exports[`LandingPage should render correctly 1`] = `
<div
  className="container-fluid"
>
  <div
    className="row navigation-box-container"
  >
    <div
      className="col-12 col-md-6"
    >
      <Link
        id="dataRepLink"
        to="/data-rep"
      >
        <div
          className="navigation-box"
        >
          Data Representation
        </div>
      </Link>
    </div>
    <div
      className="col-12 col-md-6"
    >
      <Link
        id="perSumLink"
        to="/performance-summary"
      >
        <div
          className="navigation-box"
        >
          Performance Summary
        </div>
      </Link>
    </div>
  </div>
</div>
`;
