// Jest Snapshot v1, https://goo.gl/fbAQLP

exports[`LandingPage should render correctly 1`] = `
<div
  className="bg-light"
>
  <footer>
    <b>
      <i>
        Created by Hariharan
      </i>
    </b>
  </footer>
</div>
`;
