// Jest Snapshot v1, https://goo.gl/fbAQLP

exports[`LandingPage should render correctly 1`] = `
<div>
  <Link
    className="nav-link text-center"
    to="/"
  >
    REAL W
    <i
      className="bi bi-vinyl-fill"
    />
    RLD
  </Link>
</div>
`;
